lon lat,PGA
0.00000 0.00000,6.3212056E-01 6.1112841E-01 2.5149555E-01
