asset_ref:|S20,lon,lat,business_interruption,contents,fatalities,nonstructural,structural,business_interruption_ins,contents_ins,fatalities_ins,nonstructural_ins,structural_ins
a3,-1.225700E+02,3.811300E+01,1.179824E+02,6.528198E+02,2.359647E-03,9.792297E+02,7.847959E+01,2.800000E+00,2.800000E+00,       NAN,2.800000E+00,5.133333E-01
a2,-1.221140E+02,3.811300E+01,1.661256E+03,2.104947E+04,3.322511E-02,3.268215E+04,1.580970E+03,3.430000E+01,3.173333E+01,       NAN,3.173333E+01,7.350000E+00
a5,-1.220000E+02,3.791000E+01,6.742926E+02,3.581596E+03,1.348585E-02,5.372395E+03,6.691819E+02,1.925000E+01,1.925000E+01,       NAN,1.925000E+01,2.450000E+00
a4,-1.220000E+02,3.800000E+01,1.364320E+03,9.307250E+03,2.728640E-02,1.314591E+04,1.927483E+03,3.325000E+01,3.010000E+01,       NAN,3.430000E+01,2.450000E+00
a1,-1.220000E+02,3.811300E+01,3.051549E+03,1.938062E+04,6.103097E-02,2.747154E+04,1.016768E+04,3.173333E+01,3.173333E+01,       NAN,3.173333E+01,2.329445E+01
a6,-1.220000E+02,3.822500E+01,1.406904E+03,1.285956E+04,2.813808E-02,1.851118E+04,1.189659E+03,3.290000E+01,3.173333E+01,       NAN,3.173333E+01,2.800000E+00
a7,-1.218860E+02,3.811300E+01,1.559886E+03,8.897579E+03,3.119772E-02,1.307801E+04,1.471324E+03,3.430000E+01,3.430000E+01,       NAN,3.430000E+01,5.250000E+00
