asset_ref:|S20,lon,lat,business_interruption,contents,fatalities,nonstructural,structural,business_interruption_ins,contents_ins,fatalities_ins,nonstructural_ins,structural_ins
a3,-1.225700E+02,3.811300E+01,1.310145E+02,7.041481E+02,2.620289E-03,1.056222E+03,6.019741E+01,3.556875E+00,3.556875E+00,       NAN,3.556875E+00,3.937500E-01
a2,-1.221140E+02,3.811300E+01,7.874319E+02,8.320290E+03,1.574864E-02,1.142550E+04,1.227713E+03,1.083250E+01,1.093750E+01,       NAN,1.093750E+01,4.108125E+00
a5,-1.220000E+02,3.791000E+01,3.980392E+02,2.243146E+03,7.960782E-03,3.353649E+03,5.822183E+02,8.749999E+00,8.749999E+00,       NAN,8.749999E+00,2.209375E+00
a4,-1.220000E+02,3.800000E+01,7.548470E+02,5.620458E+03,1.509694E-02,5.738453E+03,1.743773E+03,1.072750E+01,9.940000E+00,       NAN,1.072750E+01,2.905000E+00
a1,-1.220000E+02,3.811300E+01,1.639852E+03,9.922812E+03,3.279705E-02,1.475647E+04,6.594153E+03,1.093750E+01,1.093750E+01,       NAN,1.093750E+01,8.697500E+00
a6,-1.220000E+02,3.822500E+01,6.531552E+02,8.265988E+03,1.306310E-02,1.178119E+04,7.873666E+02,1.069250E+01,1.093750E+01,       NAN,1.093750E+01,2.738750E+00
a7,-1.218860E+02,3.811300E+01,6.482947E+02,3.951941E+03,1.296589E-02,5.640153E+03,1.267835E+03,1.083250E+01,1.083250E+01,       NAN,1.083250E+01,3.780000E+00
