asset_ref:|S20,lon,lat,business_interruption,contents,fatalities,nonstructural,structural,business_interruption_ins,contents_ins,fatalities_ins,nonstructural_ins,structural_ins
a3,-1.225700E+02,3.811300E+01,7.782462E+01,4.139673E+02,1.556493E-03,6.209509E+02,0.000000E+00,2.193333E+00,2.193333E+00,       NAN,2.193333E+00,0.000000E+00
a2,-1.221140E+02,3.811300E+01,3.627799E+02,2.811072E+03,7.255597E-03,3.708637E+03,7.869385E+02,2.800000E+00,2.800000E+00,       NAN,2.800000E+00,1.750000E+00
a5,-1.220000E+02,3.791000E+01,2.108900E+02,1.271153E+03,4.217800E-03,1.906729E+03,2.571901E+02,2.800000E+00,2.800000E+00,       NAN,2.800000E+00,1.400000E+00
a4,-1.220000E+02,3.800000E+01,4.710960E+02,3.396960E+03,9.421920E-03,2.436190E+03,1.068688E+03,2.800000E+00,2.800000E+00,       NAN,2.800000E+00,1.812222E+00
a1,-1.220000E+02,3.811300E+01,9.294094E+02,5.160147E+03,1.858819E-02,8.361972E+03,4.331892E+03,2.800000E+00,2.800000E+00,       NAN,2.800000E+00,2.450000E+00
a6,-1.220000E+02,3.822500E+01,3.121603E+02,5.685877E+03,6.243207E-03,8.103439E+03,4.503179E+02,2.800000E+00,2.800000E+00,       NAN,2.800000E+00,1.750000E+00
a7,-1.218860E+02,3.811300E+01,2.585618E+02,1.716156E+03,5.171235E-03,2.328736E+03,8.277629E+02,2.800000E+00,2.800000E+00,       NAN,2.800000E+00,2.100000E+00
