lon lat,PGA
0.00000 0.00000,8.6466472E-01 8.2418457E-01 3.6662236E-01
