lon lat,PGA
0.00000 0.00000,7.9490147E-01 7.6026772E-01 3.3208432E-01
