lon lat,PGA
0.00000 0.00000,6.3212056E-01 5.4788307E-01 1.5380911E-01
